Archive member included to satisfy reference by file (symbol)

D:/My Software/S32DS/build_tools/gcc_v6.3/gcc-6.3-arm32-eabi/arm-none-eabi/newlib/lib/thumb/v7e-m/fpv4-sp/hard\libc_nano.a(lib_a-exit.o)
                              D:/My Software/S32DS/build_tools/gcc_v6.3/gcc-6.3-arm32-eabi/arm-none-eabi/newlib/lib/thumb/v7e-m/fpv4-sp/hard/crt0.o (exit)
D:/My Software/S32DS/build_tools/gcc_v6.3/gcc-6.3-arm32-eabi/arm-none-eabi/newlib/lib/thumb/v7e-m/fpv4-sp/hard\libc_nano.a(lib_a-impure.o)
                              D:/My Software/S32DS/build_tools/gcc_v6.3/gcc-6.3-arm32-eabi/arm-none-eabi/newlib/lib/thumb/v7e-m/fpv4-sp/hard\libc_nano.a(lib_a-exit.o) (_global_impure_ptr)
D:/My Software/S32DS/build_tools/gcc_v6.3/gcc-6.3-arm32-eabi/arm-none-eabi/newlib/lib/thumb/v7e-m/fpv4-sp/hard\libc_nano.a(lib_a-init.o)
                              D:/My Software/S32DS/build_tools/gcc_v6.3/gcc-6.3-arm32-eabi/arm-none-eabi/newlib/lib/thumb/v7e-m/fpv4-sp/hard/crt0.o (__libc_init_array)
D:/My Software/S32DS/build_tools/gcc_v6.3/gcc-6.3-arm32-eabi/arm-none-eabi/newlib/lib/thumb/v7e-m/fpv4-sp/hard\libc_nano.a(lib_a-memcmp.o)
                              ./ThirdParty/SEGGER/OS/SEGGER_SYSVIEW_FreeRTOS.o (memcmp)
D:/My Software/S32DS/build_tools/gcc_v6.3/gcc-6.3-arm32-eabi/arm-none-eabi/newlib/lib/thumb/v7e-m/fpv4-sp/hard\libc_nano.a(lib_a-memcpy-stub.o)
                              ./ThirdParty/FreeRTOS/queue.o (memcpy)
D:/My Software/S32DS/build_tools/gcc_v6.3/gcc-6.3-arm32-eabi/arm-none-eabi/newlib/lib/thumb/v7e-m/fpv4-sp/hard\libc_nano.a(lib_a-memset.o)
                              D:/My Software/S32DS/build_tools/gcc_v6.3/gcc-6.3-arm32-eabi/arm-none-eabi/newlib/lib/thumb/v7e-m/fpv4-sp/hard/crt0.o (memset)
D:/My Software/S32DS/build_tools/gcc_v6.3/gcc-6.3-arm32-eabi/arm-none-eabi/newlib/lib/thumb/v7e-m/fpv4-sp/hard\libc_nano.a(lib_a-strlen.o)
                              ./ThirdParty/SEGGER/SEGGER/SEGGER_RTT.o (strlen)
D:/My Software/S32DS/build_tools/gcc_v6.3/gcc-6.3-arm32-eabi/arm-none-eabi/newlib/lib/thumb/v7e-m/fpv4-sp/hard\libnosys.a(_exit.o)
                              D:/My Software/S32DS/build_tools/gcc_v6.3/gcc-6.3-arm32-eabi/arm-none-eabi/newlib/lib/thumb/v7e-m/fpv4-sp/hard\libc_nano.a(lib_a-exit.o) (_exit)

Discarded input sections

 .text          0x00000000        0x0 d:/my software/s32ds/build_tools/gcc_v6.3/gcc-6.3-arm32-eabi/bin/../lib/gcc/arm-none-eabi/6.3.1/thumb/v7e-m/fpv4-sp/hard/crti.o
 .data          0x00000000        0x0 d:/my software/s32ds/build_tools/gcc_v6.3/gcc-6.3-arm32-eabi/bin/../lib/gcc/arm-none-eabi/6.3.1/thumb/v7e-m/fpv4-sp/hard/crti.o
 .bss           0x00000000        0x0 d:/my software/s32ds/build_tools/gcc_v6.3/gcc-6.3-arm32-eabi/bin/../lib/gcc/arm-none-eabi/6.3.1/thumb/v7e-m/fpv4-sp/hard/crti.o
 .text          0x00000000       0xa4 d:/my software/s32ds/build_tools/gcc_v6.3/gcc-6.3-arm32-eabi/bin/../lib/gcc/arm-none-eabi/6.3.1/thumb/v7e-m/fpv4-sp/hard/crtbegin.o
 .data          0x00000000        0x4 d:/my software/s32ds/build_tools/gcc_v6.3/gcc-6.3-arm32-eabi/bin/../lib/gcc/arm-none-eabi/6.3.1/thumb/v7e-m/fpv4-sp/hard/crtbegin.o
 .bss           0x00000000       0x1c d:/my software/s32ds/build_tools/gcc_v6.3/gcc-6.3-arm32-eabi/bin/../lib/gcc/arm-none-eabi/6.3.1/thumb/v7e-m/fpv4-sp/hard/crtbegin.o
 .init_array    0x00000000        0x4 d:/my software/s32ds/build_tools/gcc_v6.3/gcc-6.3-arm32-eabi/bin/../lib/gcc/arm-none-eabi/6.3.1/thumb/v7e-m/fpv4-sp/hard/crtbegin.o
 .fini_array    0x00000000        0x4 d:/my software/s32ds/build_tools/gcc_v6.3/gcc-6.3-arm32-eabi/bin/../lib/gcc/arm-none-eabi/6.3.1/thumb/v7e-m/fpv4-sp/hard/crtbegin.o
 .eh_frame      0x00000000        0x0 d:/my software/s32ds/build_tools/gcc_v6.3/gcc-6.3-arm32-eabi/bin/../lib/gcc/arm-none-eabi/6.3.1/thumb/v7e-m/fpv4-sp/hard/crtbegin.o
 .jcr           0x00000000        0x0 d:/my software/s32ds/build_tools/gcc_v6.3/gcc-6.3-arm32-eabi/bin/../lib/gcc/arm-none-eabi/6.3.1/thumb/v7e-m/fpv4-sp/hard/crtbegin.o
 .tm_clone_table
                0x00000000        0x0 d:/my software/s32ds/build_tools/gcc_v6.3/gcc-6.3-arm32-eabi/bin/../lib/gcc/arm-none-eabi/6.3.1/thumb/v7e-m/fpv4-sp/hard/crtbegin.o
 .comment       0x00000000       0xa1 d:/my software/s32ds/build_tools/gcc_v6.3/gcc-6.3-arm32-eabi/bin/../lib/gcc/arm-none-eabi/6.3.1/thumb/v7e-m/fpv4-sp/hard/crtbegin.o
 .ARM.attributes
                0x00000000       0x34 d:/my software/s32ds/build_tools/gcc_v6.3/gcc-6.3-arm32-eabi/bin/../lib/gcc/arm-none-eabi/6.3.1/thumb/v7e-m/fpv4-sp/hard/crtbegin.o
 .text          0x00000000       0x74 D:/My Software/S32DS/build_tools/gcc_v6.3/gcc-6.3-arm32-eabi/arm-none-eabi/newlib/lib/thumb/v7e-m/fpv4-sp/hard/crt0.o
 .data          0x00000000        0x0 D:/My Software/S32DS/build_tools/gcc_v6.3/gcc-6.3-arm32-eabi/arm-none-eabi/newlib/lib/thumb/v7e-m/fpv4-sp/hard/crt0.o
 .bss           0x00000000        0x0 D:/My Software/S32DS/build_tools/gcc_v6.3/gcc-6.3-arm32-eabi/arm-none-eabi/newlib/lib/thumb/v7e-m/fpv4-sp/hard/crt0.o
[...]
Memory Configuration

Name             Origin             Length             Attributes
m_interrupts     0x00000000         0x00000400         xr
m_flash_config   0x00000400         0x00000010         xr
m_text           0x00000410         0x0017fbf0         xr
m_data           0x1ffe0000         0x00020000         rw
m_data_2         0x20000000         0x0001f000         rw
*default*        0x00000000         0xffffffff

Linker script and memory map

LOAD d:/my software/s32ds/build_tools/gcc_v6.3/gcc-6.3-arm32-eabi/bin/../lib/gcc/arm-none-eabi/6.3.1/thumb/v7e-m/fpv4-sp/hard/crti.o
LOAD d:/my software/s32ds/build_tools/gcc_v6.3/gcc-6.3-arm32-eabi/bin/../lib/gcc/arm-none-eabi/6.3.1/thumb/v7e-m/fpv4-sp/hard/crtbegin.o
LOAD D:/My Software/S32DS/build_tools/gcc_v6.3/gcc-6.3-arm32-eabi/arm-none-eabi/newlib/lib/thumb/v7e-m/fpv4-sp/hard/crt0.o
LOAD ./Generated_Code/Cpu.o
LOAD ./Generated_Code/clockMan1.o
LOAD ./Generated_Code/pin_mux.o
LOAD ./Project_Settings/Startup_Code/startup_S32K148.o
LOAD ./SDK/platform/devices/S32K148/startup/system_S32K148.o
LOAD ./SDK/platform/devices/startup.o
LOAD ./SDK/platform/drivers/src/clock/S32K1xx/clock_S32K1xx.o
LOAD ./SDK/platform/drivers/src/interrupt/interrupt_manager.o
LOAD ./SDK/platform/drivers/src/pins/pins_driver.o
LOAD ./SDK/platform/drivers/src/pins/pins_port_hw_access.o
LOAD ./Sources/main.o
LOAD ./ThirdParty/FreeRTOS/croutine.o
LOAD ./ThirdParty/FreeRTOS/event_groups.o
LOAD ./ThirdParty/FreeRTOS/list.o
LOAD ./ThirdParty/FreeRTOS/queue.o
LOAD ./ThirdParty/FreeRTOS/stream_buffer.o
LOAD ./ThirdParty/FreeRTOS/tasks.o
LOAD ./ThirdParty/FreeRTOS/timers.o
LOAD ./ThirdParty/FreeRTOS/portable/GCC/ARM_CM4F/port.o
LOAD ./ThirdParty/FreeRTOS/portable/MemMang/heap_4.o
LOAD ./ThirdParty/SEGGER/Config/SEGGER_SYSVIEW_Config_FreeRTOS.o
LOAD ./ThirdParty/SEGGER/OS/SEGGER_SYSVIEW_FreeRTOS.o
LOAD ./ThirdParty/SEGGER/SEGGER/SEGGER_RTT.o
LOAD ./ThirdParty/SEGGER/SEGGER/SEGGER_RTT_ASM_ARMv7M.o
LOAD ./ThirdParty/SEGGER/SEGGER/SEGGER_RTT_printf.o
LOAD ./ThirdParty/SEGGER/SEGGER/SEGGER_SYSVIEW.o
LOAD ./ThirdParty/SEGGER/SEGGER/Syscalls/SEGGER_RTT_Syscalls_GCC.o
START GROUP
LOAD d:/my software/s32ds/build_tools/gcc_v6.3/gcc-6.3-arm32-eabi/bin/../lib/gcc/arm-none-eabi/6.3.1/thumb/v7e-m/fpv4-sp/hard\libgcc.a
LOAD D:/My Software/S32DS/build_tools/gcc_v6.3/gcc-6.3-arm32-eabi/arm-none-eabi/newlib/lib/thumb/v7e-m/fpv4-sp/hard\libc_nano.a
END GROUP
START GROUP
LOAD d:/my software/s32ds/build_tools/gcc_v6.3/gcc-6.3-arm32-eabi/bin/../lib/gcc/arm-none-eabi/6.3.1/thumb/v7e-m/fpv4-sp/hard\libgcc.a
LOAD D:/My Software/S32DS/build_tools/gcc_v6.3/gcc-6.3-arm32-eabi/arm-none-eabi/newlib/lib/thumb/v7e-m/fpv4-sp/hard\libc_nano.a
LOAD D:/My Software/S32DS/build_tools/gcc_v6.3/gcc-6.3-arm32-eabi/arm-none-eabi/newlib/lib/thumb/v7e-m/fpv4-sp/hard\libnosys.a
END GROUP
START GROUP
LOAD d:/my software/s32ds/build_tools/gcc_v6.3/gcc-6.3-arm32-eabi/bin/../lib/gcc/arm-none-eabi/6.3.1/thumb/v7e-m/fpv4-sp/hard\libgcc.a
LOAD D:/My Software/S32DS/build_tools/gcc_v6.3/gcc-6.3-arm32-eabi/arm-none-eabi/newlib/lib/thumb/v7e-m/fpv4-sp/hard\libc_nano.a
LOAD D:/My Software/S32DS/build_tools/gcc_v6.3/gcc-6.3-arm32-eabi/arm-none-eabi/newlib/lib/thumb/v7e-m/fpv4-sp/hard\libnosys.a
END GROUP
LOAD d:/my software/s32ds/build_tools/gcc_v6.3/gcc-6.3-arm32-eabi/bin/../lib/gcc/arm-none-eabi/6.3.1/thumb/v7e-m/fpv4-sp/hard/crtend.o
LOAD d:/my software/s32ds/build_tools/gcc_v6.3/gcc-6.3-arm32-eabi/bin/../lib/gcc/arm-none-eabi/6.3.1/thumb/v7e-m/fpv4-sp/hard/crtn.o
                0x00000400                HEAP_SIZE = DEFINED (__heap_size__)?__heap_size__:0x400
                0x00000400                STACK_SIZE = DEFINED (__stack_size__)?__stack_size__:0x400
                0x00000400                M_VECTOR_RAM_SIZE = DEFINED (__flash_vector_table__)?0x0:0x400

.interrupts     0x00000000      0x400
                0x00000000                __VECTOR_TABLE = .
                0x00000000                __interrupts_start__ = .
                0x00000000                . = ALIGN (0x4)
 *(.isr_vector)
 .isr_vector    0x00000000      0x400 ./Project_Settings/Startup_Code/startup_S32K148.o
                0x00000000                __isr_vector
                0x00000400                __interrupts_end__ = .
                0x00000400                . = ALIGN (0x4)

.flash_config   0x00000400       0x10
                0x00000400                . = ALIGN (0x4)
 *(.FlashConfig)
 .FlashConfig   0x00000400       0x10 ./Project_Settings/Startup_Code/startup_S32K148.o
                0x00000410                . = ALIGN (0x4)

.text           0x00000410     0x28e4
                0x00000410                . = ALIGN (0x4)
 *(.text)
 .text          0x00000410       0x4c ./Project_Settings/Startup_Code/startup_S32K148.o
                0x00000410                Reset_Handler
                0x00000458                FTM5_Ch2_Ch3_IRQHandler
                0x00000458                DebugMon_Handler
                0x00000458                CAN0_ORed_IRQHandler
                0x00000458                HardFault_Handler
                0x00000458                FTM7_Ch2_Ch3_IRQHandler
                0x00000458                Reserved103_IRQHandler
                0x00000458                FTM7_Ch6_Ch7_IRQHandler
                0x00000458                FTM2_Ovf_Reload_IRQHandler
                0x00000458                Reserved50_IRQHandler
                0x00000458                FTFC_Fault_IRQHandler
                0x00000458                FTM0_Ch6_Ch7_IRQHandler
                0x00000458                Reserved114_IRQHandler
                0x00000458                NMI_Handler
                0x00000458                ERM_double_fault_IRQHandler
                0x00000458                DMA2_IRQHandler
                0x00000458                Reserved59_IRQHandler
                0x00000458                LPIT0_Ch0_IRQHandler
                0x00000458                Reserved99_IRQHandler
                0x00000458                FTM7_Ch4_Ch5_IRQHandler
                0x00000458                FTM3_Ch6_Ch7_IRQHandler
                0x00000458                CAN2_ORed_0_15_MB_IRQHandler
                0x00000458                LPIT0_Ch3_IRQHandler
                0x00000458                LPI2C1_Master_IRQHandler
                0x00000458                FTM0_Ch4_Ch5_IRQHandler
                0x00000458                CAN1_Error_IRQHandler
                0x00000458                FTM4_Ch6_Ch7_IRQHandler
                0x00000458                FTM3_Ch0_Ch1_IRQHandler
                0x00000458                SWI_IRQHandler
                0x00000458                ADC0_IRQHandler
                0x00000458                FTM2_Ch4_Ch5_IRQHandler
                0x00000458                UsageFault_Handler
                0x00000458                FTM0_Ovf_Reload_IRQHandler
                0x00000458                FTM4_Fault_IRQHandler
                0x00000458                DefaultISR
                0x00000458                DMA9_IRQHandler
                0x00000458                Reserved58_IRQHandler
                0x00000458                FTM7_Fault_IRQHandler
                0x00000458                LPI2C1_Slave_IRQHandler
                0x00000458                CAN1_ORed_0_15_MB_IRQHandler
                0x00000458                FTM1_Ch2_Ch3_IRQHandler
                0x00000458                DMA14_IRQHandler
                0x00000458                Reserved82_IRQHandler
                0x00000458                CAN0_ORed_16_31_MB_IRQHandler
                0x00000458                LPI2C0_Slave_IRQHandler
                0x00000458                PORTD_IRQHandler
                0x00000458                SAI1_Rx_IRQHandler
                0x00000458                Reserved69_IRQHandler
                0x00000458                PORTB_IRQHandler
                0x00000458                Reserved70_IRQHandler
                0x00000458                ADC1_IRQHandler
                0x00000458                FTM2_Ch2_Ch3_IRQHandler
                0x00000458                FTM5_Ch0_Ch1_IRQHandler
                0x00000458                Reserved53_IRQHandler
                0x00000458                DMA5_IRQHandler
                0x00000458                RTC_IRQHandler
                0x00000458                PDB0_IRQHandler
                0x00000458                Reserved54_IRQHandler
                0x00000458                FTM6_Fault_IRQHandler
                0x00000458                FTM2_Ch6_Ch7_IRQHandler
                0x00000458                FTM6_Ch4_Ch5_IRQHandler
                0x00000458                FTM3_Ch2_Ch3_IRQHandler
                0x00000458                FTM6_Ch2_Ch3_IRQHandler
                0x00000458                FTM2_Ch0_Ch1_IRQHandler
                0x00000458                LPSPI1_IRQHandler
                0x00000458                LPUART1_RxTx_IRQHandler
                0x00000458                FTM4_Ovf_Reload_IRQHandler
                0x00000458                RTC_Seconds_IRQHandler
                0x00000458                FTM7_Ch0_Ch1_IRQHandler
                0x00000458                CAN2_ORed_IRQHandler
                0x00000458                Reserved110_IRQHandler
                0x00000458                DMA11_IRQHandler
                0x00000458                Reserved107_IRQHandler
                0x00000458                ENET_TIMER_IRQHandler
                0x00000458                Read_Collision_IRQHandler
                0x00000458                CAN2_Error_IRQHandler
                0x00000458                FTFC_IRQHandler
                0x00000458                DMA7_IRQHandler
                0x00000458                FTM1_Ch6_Ch7_IRQHandler
                0x00000458                FTM5_Fault_IRQHandler
                0x00000458                FTM6_Ovf_Reload_IRQHandler
                0x00000458                LPIT0_Ch1_IRQHandler
                0x00000458                FTM4_Ch0_Ch1_IRQHandler
                0x00000458                FTM1_Ch4_Ch5_IRQHandler
                0x00000458                FTM3_Ovf_Reload_IRQHandler
                0x00000458                SAI0_Tx_IRQHandler
                0x00000458                LPUART2_RxTx_IRQHandler
                0x00000458                FTM5_Ch4_Ch5_IRQHandler
                0x00000458                LPSPI0_IRQHandler
                0x00000458                WDOG_EWM_IRQHandler
                0x00000458                MemManage_Handler
                0x00000458                Reserved83_IRQHandler
                0x00000458                FTM0_Fault_IRQHandler
                0x00000458                FTM6_Ch6_Ch7_IRQHandler
                0x00000458                Reserved48_IRQHandler
                0x00000458                ENET_TX_IRQHandler
                0x00000458                ERM_single_fault_IRQHandler
                0x00000458                FTM2_Fault_IRQHandler
                0x00000458                FTM0_Ch2_Ch3_IRQHandler
                0x00000458                DMA13_IRQHandler
                0x00000458                FTM4_Ch2_Ch3_IRQHandler
                0x00000458                FTM0_Ch0_Ch1_IRQHandler
                0x00000458                FTM4_Ch4_Ch5_IRQHandler
                0x00000458                FTM5_Ovf_Reload_IRQHandler
                0x00000458                FTM3_Fault_IRQHandler
                0x00000458                RCM_IRQHandler
                0x00000458                DMA3_IRQHandler
                0x00000458                Reserved100_IRQHandler
                0x00000458                DMA0_IRQHandler
                0x00000458                CAN1_ORed_IRQHandler
                0x00000458                SAI0_Rx_IRQHandler
                0x00000458                DMA15_IRQHandler
                0x00000458                SCG_IRQHandler
                0x00000458                PDB1_IRQHandler
                0x00000458                CAN2_ORed_16_31_MB_IRQHandler
                0x00000458                CAN0_Error_IRQHandler
                0x00000458                LPI2C0_Master_IRQHandler
                0x00000458                ENET_WAKE_IRQHandler
                0x00000458                DMA4_IRQHandler
                0x00000458                FTM1_Fault_IRQHandler
                0x00000458                Reserved106_IRQHandler
                0x00000458                ENET_ERR_IRQHandler
                0x00000458                DMA_Error_IRQHandler
                0x00000458                LVD_LVW_IRQHandler
                0x00000458                ENET_STOP_IRQHandler
                0x00000458                ENET_RX_IRQHandler
                0x00000458                LPIT0_Ch2_IRQHandler
                0x00000458                PORTA_IRQHandler
                0x00000458                FTM5_Ch6_Ch7_IRQHandler
                0x00000458                CAN1_ORed_16_31_MB_IRQHandler
                0x00000458                MCM_IRQHandler
                0x00000458                LPSPI2_IRQHandler
                0x00000458                DMA12_IRQHandler
                0x00000458                FTM7_Ovf_Reload_IRQHandler
                0x00000458                FTM3_Ch4_Ch5_IRQHandler
                0x00000458                CAN0_ORed_0_15_MB_IRQHandler
                0x00000458                PORTE_IRQHandler
                0x00000458                LPUART0_RxTx_IRQHandler
                0x00000458                FTM6_Ch0_Ch1_IRQHandler
                0x00000458                LPTMR0_IRQHandler
                0x00000458                BusFault_Handler
                0x00000458                FTM1_Ovf_Reload_IRQHandler
                0x00000458                DMA8_IRQHandler
                0x00000458                DMA10_IRQHandler
                0x00000458                CAN0_Wake_Up_IRQHandler
                0x00000458                QSPI_IRQHandler
                0x00000458                CMP0_IRQHandler
                0x00000458                Reserved52_IRQHandler
                0x00000458                PORTC_IRQHandler
                0x00000458                DMA6_IRQHandler
                0x00000458                FTM1_Ch0_Ch1_IRQHandler
                0x00000458                FLEXIO_IRQHandler
                0x00000458                SAI1_Tx_IRQHandler
                0x00000458                DMA1_IRQHandler
                0x00000458                Reserved113_IRQHandler
 .text          0x0000045c       0x94 ./ThirdParty/SEGGER/SEGGER/SEGGER_RTT_ASM_ARMv7M.o
                0x0000045c                SEGGER_RTT_ASM_WriteSkipNoLock
 *(.text*)
 .text.SystemInit
                0x000004f0       0x4c ./SDK/platform/devices/S32K148/startup/system_S32K148.o
                0x000004f0                SystemInit
 .text.init_data_bss
                0x0000053c       0xd8 ./SDK/platform/devices/startup.o
                0x0000053c                init_data_bss
 .text.canTaskFunction
                0x00000614       0x18 ./Sources/main.o
                0x00000614                canTaskFunction
 .text.spiTaskFunction
                0x0000062c       0x18 ./Sources/main.o
                0x0000062c                spiTaskFunction
 .text.main     0x00000644       0x9c ./Sources/main.o
                0x00000644                main
 .text.vListInitialise
                0x000006e0       0x16 ./ThirdParty/FreeRTOS/list.o
                0x000006e0                vListInitialise
 .text.vListInitialiseItem
                0x000006f6        0x6 ./ThirdParty/FreeRTOS/list.o
                0x000006f6                vListInitialiseItem
 .text.vListInsert
                0x000006fc       0x34 ./ThirdParty/FreeRTOS/list.o
                0x000006fc                vListInsert
 .text.uxListRemove
                0x00000730       0x26 ./ThirdParty/FreeRTOS/list.o
                0x00000730                uxListRemove
 .text.prvIsQueueEmpty
                0x00000756       0x16 ./ThirdParty/FreeRTOS/queue.o
 .text.prvCopyDataFromQueue
                0x0000076c       0x24 ./ThirdParty/FreeRTOS/queue.o
 .text.prvUnlockQueue
                0x00000790       0x82 ./ThirdParty/FreeRTOS/queue.o
 *fill*         0x00000812        0x2 
 .text.xQueueGenericReset
                0x00000814       0xa4 ./ThirdParty/FreeRTOS/queue.o
                0x00000814                xQueueGenericReset
 .text.xQueueGenericCreate
                0x000008b8       0x66 ./ThirdParty/FreeRTOS/queue.o
                0x000008b8                xQueueGenericCreate
 *fill*         0x0000091e        0x2 
 .text.xQueueReceive
                0x00000920      0x1b0 ./ThirdParty/FreeRTOS/queue.o
                0x00000920                xQueueReceive
 .text.vQueueAddToRegistry
                0x00000ad0       0x70 ./ThirdParty/FreeRTOS/queue.o
                0x00000ad0                vQueueAddToRegistry
 .text.vQueueWaitForMessageRestricted
                0x00000b40       0x4e ./ThirdParty/FreeRTOS/queue.o
                0x00000b40                vQueueWaitForMessageRestricted
 *fill*         0x00000b8e        0x2 
 .text.prvResetNextTaskUnblockTime
                0x00000b90       0x28 ./ThirdParty/FreeRTOS/tasks.o
 .text.prvIdleTask
                0x00000bb8       0x70 ./ThirdParty/FreeRTOS/tasks.o
 .text.prvAddCurrentTaskToDelayedList
                0x00000c28       0xb4 ./ThirdParty/FreeRTOS/tasks.o
 .text.xTaskCreate
                0x00000cdc      0x228 ./ThirdParty/FreeRTOS/tasks.o
                0x00000cdc                xTaskCreate
 .text.vTaskStartScheduler
                0x00000f04       0xa8 ./ThirdParty/FreeRTOS/tasks.o
                0x00000f04                vTaskStartScheduler
 .text.vTaskSuspendAll
                0x00000fac       0x10 ./ThirdParty/FreeRTOS/tasks.o
                0x00000fac                vTaskSuspendAll
 .text.xTaskGetTickCount
                0x00000fbc        0xc ./ThirdParty/FreeRTOS/tasks.o
                0x00000fbc                xTaskGetTickCount
 .text.xTaskGetTickCountFromISR
                0x00000fc8       0x10 ./ThirdParty/FreeRTOS/tasks.o
                0x00000fc8                xTaskGetTickCountFromISR
 .text.xTaskIncrementTick
                0x00000fd8      0x190 ./ThirdParty/FreeRTOS/tasks.o
                0x00000fd8                xTaskIncrementTick
 .text.xTaskResumeAll
                0x00001168      0x168 ./ThirdParty/FreeRTOS/tasks.o
                0x00001168                xTaskResumeAll
 .text.vTaskSwitchContext
                0x000012d0       0xac ./ThirdParty/FreeRTOS/tasks.o
                0x000012d0                vTaskSwitchContext
 .text.vTaskPlaceOnEventList
                0x0000137c       0x30 ./ThirdParty/FreeRTOS/tasks.o
                0x0000137c                vTaskPlaceOnEventList
 .text.vTaskPlaceOnEventListRestricted
                0x000013ac       0x60 ./ThirdParty/FreeRTOS/tasks.o
                0x000013ac                vTaskPlaceOnEventListRestricted
 .text.xTaskRemoveFromEventList
                0x0000140c       0xf8 ./ThirdParty/FreeRTOS/tasks.o
                0x0000140c                xTaskRemoveFromEventList
 .text.vTaskInternalSetTimeOutState
                0x00001504       0x18 ./ThirdParty/FreeRTOS/tasks.o
                0x00001504                vTaskInternalSetTimeOutState
 .text.xTaskCheckForTimeOut
                0x0000151c       0x84 ./ThirdParty/FreeRTOS/tasks.o
                0x0000151c                xTaskCheckForTimeOut
 .text.vTaskMissedYield
                0x000015a0        0xc ./ThirdParty/FreeRTOS/tasks.o
                0x000015a0                vTaskMissedYield
 .text.xTaskGetSchedulerState
                0x000015ac       0x20 ./ThirdParty/FreeRTOS/tasks.o
                0x000015ac                xTaskGetSchedulerState
 .text.prvInsertTimerInActiveList
                0x000015cc       0x48 ./ThirdParty/FreeRTOS/timers.o
 .text.prvReloadTimer
                0x00001614       0x28 ./ThirdParty/FreeRTOS/timers.o
 .text.prvProcessExpiredTimer
                0x0000163c       0x40 ./ThirdParty/FreeRTOS/timers.o
 .text.prvSampleTimeNow
                0x0000167c       0x5c ./ThirdParty/FreeRTOS/timers.o
 .text.prvTimerTask
                0x000016d8      0x178 ./ThirdParty/FreeRTOS/timers.o
 .text.prvCheckForValidListAndQueue
                0x00001850       0x5c ./ThirdParty/FreeRTOS/timers.o
 .text.xTimerCreateTimerTask
                0x000018ac       0x50 ./ThirdParty/FreeRTOS/timers.o
                0x000018ac                xTimerCreateTimerTask
 .text.prvTaskExitError
                0x000018fc       0x40 ./ThirdParty/FreeRTOS/portable/GCC/ARM_CM4F/port.o
 .text.prvPortStartFirstTask
                0x0000193c       0x28 ./ThirdParty/FreeRTOS/portable/GCC/ARM_CM4F/port.o
 .text.vPortEnableVFP
                0x00001964       0x14 ./ThirdParty/FreeRTOS/portable/GCC/ARM_CM4F/port.o
 .text.pxPortInitialiseStack
                0x00001978       0x2c ./ThirdParty/FreeRTOS/portable/GCC/ARM_CM4F/port.o
                0x00001978                pxPortInitialiseStack
 *fill*         0x000019a4        0xc 
 .text.SVC_Handler
                0x000019b0       0x24 ./ThirdParty/FreeRTOS/portable/GCC/ARM_CM4F/port.o
                0x000019b0                SVC_Handler
 .text.vPortEnterCritical
                0x000019d4       0x44 ./ThirdParty/FreeRTOS/portable/GCC/ARM_CM4F/port.o
                0x000019d4                vPortEnterCritical
 .text.vPortExitCritical
                0x00001a18       0x2c ./ThirdParty/FreeRTOS/portable/GCC/ARM_CM4F/port.o
                0x00001a18                vPortExitCritical
 *fill*         0x00001a44        0xc 
 .text.PendSV_Handler
                0x00001a50       0x64 ./ThirdParty/FreeRTOS/portable/GCC/ARM_CM4F/port.o
                0x00001a50                PendSV_Handler
 .text.SysTick_Handler
                0x00001ab4       0x3c ./ThirdParty/FreeRTOS/portable/GCC/ARM_CM4F/port.o
                0x00001ab4                SysTick_Handler
 .text.vPortSetupTimerInterrupt
                0x00001af0       0x38 ./ThirdParty/FreeRTOS/portable/GCC/ARM_CM4F/port.o
                0x00001af0                vPortSetupTimerInterrupt
 .text.xPortStartScheduler
                0x00001b28      0x118 ./ThirdParty/FreeRTOS/portable/GCC/ARM_CM4F/port.o
                0x00001b28                xPortStartScheduler
 .text.vPortValidateInterruptPriority
                0x00001c40       0x5c ./ThirdParty/FreeRTOS/portable/GCC/ARM_CM4F/port.o
                0x00001c40                vPortValidateInterruptPriority
 .text.prvInsertBlockIntoFreeList
                0x00001c9c       0x58 ./ThirdParty/FreeRTOS/portable/MemMang/heap_4.o
 .text.pvPortMalloc
                0x00001cf4      0x130 ./ThirdParty/FreeRTOS/portable/MemMang/heap_4.o
                0x00001cf4                pvPortMalloc
 .text.vPortFree
                0x00001e24       0x70 ./ThirdParty/FreeRTOS/portable/MemMang/heap_4.o
                0x00001e24                vPortFree
 .text._cbSendSystemDesc
                0x00001e94       0x18 ./ThirdParty/SEGGER/Config/SEGGER_SYSVIEW_Config_FreeRTOS.o
 .text.SEGGER_SYSVIEW_Conf
                0x00001eac       0x28 ./ThirdParty/SEGGER/Config/SEGGER_SYSVIEW_Config_FreeRTOS.o
                0x00001eac                SEGGER_SYSVIEW_Conf
 .text._cbGetTime
                0x00001ed4       0x30 ./ThirdParty/SEGGER/OS/SEGGER_SYSVIEW_FreeRTOS.o
 .text.SYSVIEW_SendTaskInfo
                0x00001f04       0x1c ./ThirdParty/SEGGER/OS/SEGGER_SYSVIEW_FreeRTOS.o
                0x00001f04                SYSVIEW_SendTaskInfo
 .text.SYSVIEW_AddTask
                0x00001f20       0x68 ./ThirdParty/SEGGER/OS/SEGGER_SYSVIEW_FreeRTOS.o
                0x00001f20                SYSVIEW_AddTask
 .text._cbSendTaskList
                0x00001f88       0x38 ./ThirdParty/SEGGER/OS/SEGGER_SYSVIEW_FreeRTOS.o
 .text._DoInit  0x00001fc0       0x6c ./ThirdParty/SEGGER/SEGGER/SEGGER_RTT.o
 .text.SEGGER_RTT_ReadNoLock
                0x0000202c       0xb0 ./ThirdParty/SEGGER/SEGGER/SEGGER_RTT.o
                0x0000202c                SEGGER_RTT_ReadNoLock
 .text.SEGGER_RTT_AllocUpBuffer
                0x000020dc       0x88 ./ThirdParty/SEGGER/SEGGER/SEGGER_RTT.o
                0x000020dc                SEGGER_RTT_AllocUpBuffer
 .text.SEGGER_RTT_ConfigDownBuffer
                0x00002164       0x68 ./ThirdParty/SEGGER/SEGGER/SEGGER_RTT.o
                0x00002164                SEGGER_RTT_ConfigDownBuffer
 .text._EncodeStr
                0x000021cc       0x4c ./ThirdParty/SEGGER/SEGGER/SEGGER_SYSVIEW.o
 .text.SEGGER_SYSVIEW_Init
                0x00002218       0x68 ./ThirdParty/SEGGER/SEGGER/SEGGER_SYSVIEW.o
                0x00002218                SEGGER_SYSVIEW_Init
 .text.SEGGER_SYSVIEW_SetRAMBase
                0x00002280        0xc ./ThirdParty/SEGGER/SEGGER/SEGGER_SYSVIEW.o
                0x00002280                SEGGER_SYSVIEW_SetRAMBase
 .text.SEGGER_SYSVIEW_SendTaskList
                0x0000228c       0x14 ./ThirdParty/SEGGER/SEGGER/SEGGER_SYSVIEW.o
                0x0000228c                SEGGER_SYSVIEW_SendTaskList
 .text.SEGGER_SYSVIEW_ShrinkId
                0x000022a0        0xc ./ThirdParty/SEGGER/SEGGER/SEGGER_SYSVIEW.o
                0x000022a0                SEGGER_SYSVIEW_ShrinkId
 .text.SEGGER_SYSVIEW_SendModuleDescription
                0x000022ac       0x20 ./ThirdParty/SEGGER/SEGGER/SEGGER_SYSVIEW.o
                0x000022ac                SEGGER_SYSVIEW_SendModuleDescription
 .text.SEGGER_SYSVIEW_SendNumModules
                0x000022cc       0x48 ./ThirdParty/SEGGER/SEGGER/SEGGER_SYSVIEW.o
                0x000022cc                SEGGER_SYSVIEW_SendNumModules
 .text._HandleIncomingPacket
                0x00002314       0xa4 ./ThirdParty/SEGGER/SEGGER/SEGGER_SYSVIEW.o
 .text._SendPacket
                0x000023b8      0x164 ./ThirdParty/SEGGER/SEGGER/SEGGER_SYSVIEW.o
 .text.SEGGER_SYSVIEW_RecordVoid
                0x0000251c       0x24 ./ThirdParty/SEGGER/SEGGER/SEGGER_SYSVIEW.o
                0x0000251c                SEGGER_SYSVIEW_RecordVoid
 .text.SEGGER_SYSVIEW_RecordU32
                0x00002540       0x40 ./ThirdParty/SEGGER/SEGGER/SEGGER_SYSVIEW.o
                0x00002540                SEGGER_SYSVIEW_RecordU32
 .text.SEGGER_SYSVIEW_RecordU32x2
                0x00002580       0x54 ./ThirdParty/SEGGER/SEGGER/SEGGER_SYSVIEW.o
                0x00002580                SEGGER_SYSVIEW_RecordU32x2
 .text.SEGGER_SYSVIEW_RecordSystime
                0x000025d4       0x30 ./ThirdParty/SEGGER/SEGGER/SEGGER_SYSVIEW.o
                0x000025d4                SEGGER_SYSVIEW_RecordSystime
 .text.SEGGER_SYSVIEW_Start
                0x00002604       0xb8 ./ThirdParty/SEGGER/SEGGER/SEGGER_SYSVIEW.o
                0x00002604                SEGGER_SYSVIEW_Start
 .text.SEGGER_SYSVIEW_RecordU32x3
                0x000026bc       0x6c ./ThirdParty/SEGGER/SEGGER/SEGGER_SYSVIEW.o
                0x000026bc                SEGGER_SYSVIEW_RecordU32x3
 .text.SEGGER_SYSVIEW_RecordU32x4
                0x00002728       0x84 ./ThirdParty/SEGGER/SEGGER/SEGGER_SYSVIEW.o
                0x00002728                SEGGER_SYSVIEW_RecordU32x4
 .text.SEGGER_SYSVIEW_Stop
                0x000027ac       0x34 ./ThirdParty/SEGGER/SEGGER/SEGGER_SYSVIEW.o
                0x000027ac                SEGGER_SYSVIEW_Stop
 .text.SEGGER_SYSVIEW_GetSysDesc
                0x000027e0       0x84 ./ThirdParty/SEGGER/SEGGER/SEGGER_SYSVIEW.o
                0x000027e0                SEGGER_SYSVIEW_GetSysDesc
 .text.SEGGER_SYSVIEW_SendTaskInfo
                0x00002864       0xcc ./ThirdParty/SEGGER/SEGGER/SEGGER_SYSVIEW.o
                0x00002864                SEGGER_SYSVIEW_SendTaskInfo
 .text.SEGGER_SYSVIEW_SendSysDesc
                0x00002930       0x30 ./ThirdParty/SEGGER/SEGGER/SEGGER_SYSVIEW.o
                0x00002930                SEGGER_SYSVIEW_SendSysDesc
 .text.SEGGER_SYSVIEW_RecordEnterISR
                0x00002960       0x48 ./ThirdParty/SEGGER/SEGGER/SEGGER_SYSVIEW.o
                0x00002960                SEGGER_SYSVIEW_RecordEnterISR
 .text.SEGGER_SYSVIEW_RecordExitISR
                0x000029a8       0x24 ./ThirdParty/SEGGER/SEGGER/SEGGER_SYSVIEW.o
                0x000029a8                SEGGER_SYSVIEW_RecordExitISR
 .text.SEGGER_SYSVIEW_RecordExitISRToScheduler
                0x000029cc       0x24 ./ThirdParty/SEGGER/SEGGER/SEGGER_SYSVIEW.o
                0x000029cc                SEGGER_SYSVIEW_RecordExitISRToScheduler
 .text.SEGGER_SYSVIEW_OnIdle
                0x000029f0       0x24 ./ThirdParty/SEGGER/SEGGER/SEGGER_SYSVIEW.o
                0x000029f0                SEGGER_SYSVIEW_OnIdle
 .text.SEGGER_SYSVIEW_OnTaskCreate
                0x00002a14       0x48 ./ThirdParty/SEGGER/SEGGER/SEGGER_SYSVIEW.o
                0x00002a14                SEGGER_SYSVIEW_OnTaskCreate
 .text.SEGGER_SYSVIEW_OnTaskStartExec
                0x00002a5c       0x48 ./ThirdParty/SEGGER/SEGGER/SEGGER_SYSVIEW.o
                0x00002a5c                SEGGER_SYSVIEW_OnTaskStartExec
 .text.SEGGER_SYSVIEW_OnTaskStartReady
                0x00002aa4       0x48 ./ThirdParty/SEGGER/SEGGER/SEGGER_SYSVIEW.o
                0x00002aa4                SEGGER_SYSVIEW_OnTaskStartReady
 .text.SEGGER_SYSVIEW_SendModule
                0x00002aec       0x88 ./ThirdParty/SEGGER/SEGGER/SEGGER_SYSVIEW.o
                0x00002aec                SEGGER_SYSVIEW_SendModule
 .text.SEGGER_SYSVIEW_Warn
                0x00002b74       0x38 ./ThirdParty/SEGGER/SEGGER/SEGGER_SYSVIEW.o
                0x00002b74                SEGGER_SYSVIEW_Warn
 .text.memcmp   0x00002bac       0x1e D:/My Software/S32DS/build_tools/gcc_v6.3/gcc-6.3-arm32-eabi/arm-none-eabi/newlib/lib/thumb/v7e-m/fpv4-sp/hard\libc_nano.a(lib_a-memcmp.o)
                0x00002bac                memcmp
 .text.memcpy   0x00002bca       0x16 D:/My Software/S32DS/build_tools/gcc_v6.3/gcc-6.3-arm32-eabi/arm-none-eabi/newlib/lib/thumb/v7e-m/fpv4-sp/hard\libc_nano.a(lib_a-memcpy-stub.o)
                0x00002bca                memcpy
 .text.memset   0x00002be0       0x10 D:/My Software/S32DS/build_tools/gcc_v6.3/gcc-6.3-arm32-eabi/arm-none-eabi/newlib/lib/thumb/v7e-m/fpv4-sp/hard\libc_nano.a(lib_a-memset.o)
                0x00002be0                memset
 *(.rodata)
 *(.rodata*)
 .rodata.main.str1.4
                0x00002bf0       0x1c ./Sources/main.o
 .rodata.vTaskStartScheduler.str1.4
                0x00002c0c        0x5 ./ThirdParty/FreeRTOS/tasks.o
 *fill*         0x00002c11        0x3 
 .rodata.prvCheckForValidListAndQueue.str1.4
                0x00002c14        0x5 ./ThirdParty/FreeRTOS/timers.o
 *fill*         0x00002c19        0x3 
 .rodata.xTimerCreateTimerTask.str1.4
                0x00002c1c        0x8 ./ThirdParty/FreeRTOS/timers.o
 .rodata._cbSendSystemDesc.str1.4
                0x00002c24       0x41 ./ThirdParty/SEGGER/Config/SEGGER_SYSVIEW_Config_FreeRTOS.o
 *fill*         0x00002c65        0x3 
 .rodata.SYSVIEW_AddTask.str1.4
                0x00002c68       0x50 ./ThirdParty/SEGGER/OS/SEGGER_SYSVIEW_FreeRTOS.o
                                 0x58 (size before relaxing)
 .rodata.SYSVIEW_X_OS_TraceAPI
                0x00002cb8        0x8 ./ThirdParty/SEGGER/OS/SEGGER_SYSVIEW_FreeRTOS.o
                0x00002cb8                SYSVIEW_X_OS_TraceAPI
 .rodata._DoInit.str1.4
                0x00002cc0       0x17 ./ThirdParty/SEGGER/SEGGER/SEGGER_RTT.o
 *fill*         0x00002cd7        0x1 
 .rodata.SEGGER_SYSVIEW_Init.str1.4
                0x00002cd8        0x8 ./ThirdParty/SEGGER/SEGGER/SEGGER_SYSVIEW.o
 .rodata._abSync
                0x00002ce0        0xa ./ThirdParty/SEGGER/SEGGER/SEGGER_SYSVIEW.o
 *(.init)
 *fill*         0x00002cea        0x2 
 .init          0x00002cec        0x4 d:/my software/s32ds/build_tools/gcc_v6.3/gcc-6.3-arm32-eabi/bin/../lib/gcc/arm-none-eabi/6.3.1/thumb/v7e-m/fpv4-sp/hard/crti.o
                0x00002cec                _init
 *(.fini)
 .fini          0x00002cf0        0x4 d:/my software/s32ds/build_tools/gcc_v6.3/gcc-6.3-arm32-eabi/bin/../lib/gcc/arm-none-eabi/6.3.1/thumb/v7e-m/fpv4-sp/hard/crti.o
                0x00002cf0                _fini
 *(.eh_frame)
                0x00002cf4                . = ALIGN (0x4)

.glue_7         0x00002cf4        0x0
 .glue_7        0x00002cf4        0x0 linker stubs

.glue_7t        0x00002cf4        0x0
 .glue_7t       0x00002cf4        0x0 linker stubs

.vfp11_veneer   0x00002cf4        0x0
 .vfp11_veneer  0x00002cf4        0x0 linker stubs

.v4_bx          0x00002cf4        0x0
 .v4_bx         0x00002cf4        0x0 linker stubs

.iplt           0x00002cf4        0x0
 .iplt          0x00002cf4        0x0 d:/my software/s32ds/build_tools/gcc_v6.3/gcc-6.3-arm32-eabi/bin/../lib/gcc/arm-none-eabi/6.3.1/thumb/v7e-m/fpv4-sp/hard/crtbegin.o

.rel.dyn        0x00002cf4        0x0
 .rel.iplt      0x00002cf4        0x0 d:/my software/s32ds/build_tools/gcc_v6.3/gcc-6.3-arm32-eabi/bin/../lib/gcc/arm-none-eabi/6.3.1/thumb/v7e-m/fpv4-sp/hard/crtbegin.o

.ARM            0x00002cf4        0x0
                0x00002cf4                __exidx_start = .
 *(.ARM.exidx*)
                0x00002cf4                __exidx_end = .
                0x00002cf4                __etext = .
                0x00002cf4                __DATA_ROM = .

.interrupts_ram
                0x1ffe0000      0x400
                0x1ffe0000                . = ALIGN (0x4)
                0x1ffe0000                __VECTOR_RAM__ = .
                0x1ffe0000                __RAM_START = .
                0x1ffe0000                __interrupts_ram_start__ = .
 *(.m_interrupts_ram)
                0x1ffe0400                . = (. + M_VECTOR_RAM_SIZE)
 *fill*         0x1ffe0000      0x400 
                0x1ffe0400                . = ALIGN (0x4)
                0x1ffe0400                __interrupts_ram_end__ = .
                0x1ffe0000                __VECTOR_RAM = DEFINED (__flash_vector_table__)?ORIGIN (m_interrupts):__VECTOR_RAM__
                0x00000400                __RAM_VECTOR_TABLE_SIZE = DEFINED (__flash_vector_table__)?0x0:(__interrupts_ram_end__ - __interrupts_ram_start__)

.data           0x1ffe0400        0xc load address 0x00002cf4
                0x1ffe0400                . = ALIGN (0x4)
                0x1ffe0400                __DATA_RAM = .
                0x1ffe0400                __data_start__ = .
 *(.data)
 *(.data*)
 .data.SystemCoreClock
                0x1ffe0400        0x4 ./SDK/platform/devices/S32K148/startup/system_S32K148.o
                0x1ffe0400                SystemCoreClock
 .data.uxTopUsedPriority
                0x1ffe0404        0x4 ./ThirdParty/FreeRTOS/tasks.o
                0x1ffe0404                uxTopUsedPriority
 .data.uxCriticalNesting
                0x1ffe0408        0x4 ./ThirdParty/FreeRTOS/portable/GCC/ARM_CM4F/port.o
                0x1ffe040c                . = ALIGN (0x4)
                0x1ffe040c                __data_end__ = .
                0x00002d00                __DATA_END = (__DATA_ROM + (__data_end__ - __data_start__))
                0x00002d00                __CODE_ROM = __DATA_END

.igot.plt       0x1ffe040c        0x0 load address 0x00002d00
 .igot.plt      0x1ffe040c        0x0 d:/my software/s32ds/build_tools/gcc_v6.3/gcc-6.3-arm32-eabi/bin/../lib/gcc/arm-none-eabi/6.3.1/thumb/v7e-m/fpv4-sp/hard/crtbegin.o

.code           0x1ffe040c        0x0 load address 0x00002d00
                0x1ffe040c                . = ALIGN (0x4)
                0x1ffe040c                __CODE_RAM = .
                0x1ffe040c                __code_start__ = .
                0x1ffe040c                __code_ram_start__ = .
 *(.code_ram)
                0x1ffe040c                . = ALIGN (0x4)
                0x1ffe040c                __code_end__ = .
                0x1ffe040c                __code_ram_end__ = .
                0x00002d00                __CODE_END = (__CODE_ROM + (__code_end__ - __code_start__))
                0x00002d00                __CUSTOM_ROM = __CODE_END

.customSectionBlock
                0x20000000        0x0 load address 0x00002d00
                0x20000000                __customSection_start__ = .
 *(.customSection)
                0x20000000                __customSection_end__ = .
                0x00002d00                __CUSTOM_END = (__CUSTOM_ROM + (__customSection_end__ - __customSection_start__))

.bss            0x20000000    0x14428
                0x20000000                . = ALIGN (0x4)
                0x20000000                __BSS_START = .
                0x20000000                __bss_start__ = .
 *(.bss)
 *(.bss*)
 .bss.bufferCounter
                0x20000000        0x4 ./Sources/main.o
                0x20000000                bufferCounter
 .bss.exit_code
                0x20000004        0x4 ./Sources/main.o
                0x20000004                exit_code
 .bss.temCounter
                0x20000008        0x4 ./Sources/main.o
                0x20000008                temCounter
 .bss.xQueueRegistry
                0x2000000c       0x40 ./ThirdParty/FreeRTOS/queue.o
                0x2000000c                xQueueRegistry
 .bss.pxCurrentTCB
                0x2000004c        0x4 ./ThirdParty/FreeRTOS/tasks.o
                0x2000004c                pxCurrentTCB
 .bss.pxDelayedTaskList
                0x20000050        0x4 ./ThirdParty/FreeRTOS/tasks.o
 .bss.pxOverflowDelayedTaskList
                0x20000054        0x4 ./ThirdParty/FreeRTOS/tasks.o
 .bss.pxReadyTasksLists
                0x20000058       0x64 ./ThirdParty/FreeRTOS/tasks.o
 .bss.uxCurrentNumberOfTasks
                0x200000bc        0x4 ./ThirdParty/FreeRTOS/tasks.o
 .bss.uxDeletedTasksWaitingCleanUp
                0x200000c0        0x4 ./ThirdParty/FreeRTOS/tasks.o
 .bss.uxSchedulerSuspended
                0x200000c4        0x4 ./ThirdParty/FreeRTOS/tasks.o
 .bss.uxTaskNumber
                0x200000c8        0x4 ./ThirdParty/FreeRTOS/tasks.o
 .bss.uxTopReadyPriority
                0x200000cc        0x4 ./ThirdParty/FreeRTOS/tasks.o
 .bss.xDelayedTaskList1
                0x200000d0       0x14 ./ThirdParty/FreeRTOS/tasks.o
 .bss.xDelayedTaskList2
                0x200000e4       0x14 ./ThirdParty/FreeRTOS/tasks.o
 .bss.xIdleTaskHandle
                0x200000f8        0x4 ./ThirdParty/FreeRTOS/tasks.o
 .bss.xNextTaskUnblockTime
                0x200000fc        0x4 ./ThirdParty/FreeRTOS/tasks.o
 .bss.xNumOfOverflows
                0x20000100        0x4 ./ThirdParty/FreeRTOS/tasks.o
 .bss.xPendedTicks
                0x20000104        0x4 ./ThirdParty/FreeRTOS/tasks.o
 .bss.xPendingReadyList
                0x20000108       0x14 ./ThirdParty/FreeRTOS/tasks.o
 .bss.xSchedulerRunning
                0x2000011c        0x4 ./ThirdParty/FreeRTOS/tasks.o
 .bss.xSuspendedTaskList
                0x20000120       0x14 ./ThirdParty/FreeRTOS/tasks.o
 .bss.xTasksWaitingTermination
                0x20000134       0x14 ./ThirdParty/FreeRTOS/tasks.o
 .bss.xTickCount
                0x20000148        0x4 ./ThirdParty/FreeRTOS/tasks.o
 .bss.xYieldPending
                0x2000014c        0x4 ./ThirdParty/FreeRTOS/tasks.o
 .bss.pxCurrentTimerList
                0x20000150        0x4 ./ThirdParty/FreeRTOS/timers.o
 .bss.pxOverflowTimerList
                0x20000154        0x4 ./ThirdParty/FreeRTOS/timers.o
 .bss.xActiveTimerList1
                0x20000158       0x14 ./ThirdParty/FreeRTOS/timers.o
 .bss.xActiveTimerList2
                0x2000016c       0x14 ./ThirdParty/FreeRTOS/timers.o
 .bss.xLastTime.6878
                0x20000180        0x4 ./ThirdParty/FreeRTOS/timers.o
 .bss.xTimerQueue
                0x20000184        0x4 ./ThirdParty/FreeRTOS/timers.o
 .bss.xTimerTaskHandle
                0x20000188        0x4 ./ThirdParty/FreeRTOS/timers.o
 .bss.ucMaxSysCallPriority
                0x2000018c        0x1 ./ThirdParty/FreeRTOS/portable/GCC/ARM_CM4F/port.o
 *fill*         0x2000018d        0x3 
 .bss.ulMaxPRIGROUPValue
                0x20000190        0x4 ./ThirdParty/FreeRTOS/portable/GCC/ARM_CM4F/port.o
 .bss.pxEnd     0x20000194        0x4 ./ThirdParty/FreeRTOS/portable/MemMang/heap_4.o
 .bss.ucHeap    0x20000198    0x12c00 ./ThirdParty/FreeRTOS/portable/MemMang/heap_4.o
 .bss.xFreeBytesRemaining
                0x20012d98        0x4 ./ThirdParty/FreeRTOS/portable/MemMang/heap_4.o
 .bss.xMinimumEverFreeBytesRemaining
                0x20012d9c        0x4 ./ThirdParty/FreeRTOS/portable/MemMang/heap_4.o
 .bss.xNumberOfSuccessfulAllocations
                0x20012da0        0x4 ./ThirdParty/FreeRTOS/portable/MemMang/heap_4.o
 .bss.xNumberOfSuccessfulFrees
                0x20012da4        0x4 ./ThirdParty/FreeRTOS/portable/MemMang/heap_4.o
 .bss.xStart    0x20012da8        0x8 ./ThirdParty/FreeRTOS/portable/MemMang/heap_4.o
 .bss._NumTasks
                0x20012db0        0x4 ./ThirdParty/SEGGER/OS/SEGGER_SYSVIEW_FreeRTOS.o
 .bss._aTasks   0x20012db4       0xa0 ./ThirdParty/SEGGER/OS/SEGGER_SYSVIEW_FreeRTOS.o
 .bss._SEGGER_RTT
                0x20012e54       0xa8 ./ThirdParty/SEGGER/SEGGER/SEGGER_RTT.o
                0x20012e54                _SEGGER_RTT
 .bss._acDownBuffer
                0x20012efc       0x10 ./ThirdParty/SEGGER/SEGGER/SEGGER_RTT.o
 .bss._acUpBuffer
                0x20012f0c      0x400 ./ThirdParty/SEGGER/SEGGER/SEGGER_RTT.o
 .bss._DownBuffer
                0x2001330c        0x8 ./ThirdParty/SEGGER/SEGGER/SEGGER_SYSVIEW.o
 .bss._NumModules
                0x20013314        0x1 ./ThirdParty/SEGGER/SEGGER/SEGGER_SYSVIEW.o
 *fill*         0x20013315        0x3 
 .bss._SYSVIEW_Globals
                0x20013318       0x28 ./ThirdParty/SEGGER/SEGGER/SEGGER_SYSVIEW.o
 .bss._UpBuffer
                0x20013340     0x1000 ./ThirdParty/SEGGER/SEGGER/SEGGER_SYSVIEW.o
 .bss._aPacket  0x20014340       0xe3 ./ThirdParty/SEGGER/SEGGER/SEGGER_SYSVIEW.o
 *fill*         0x20014423        0x1 
 .bss._pFirstModule
                0x20014424        0x4 ./ThirdParty/SEGGER/SEGGER/SEGGER_SYSVIEW.o
 *(COMMON)
                0x20014428                . = ALIGN (0x4)
                0x20014428                __bss_end__ = .
                0x20014428                __BSS_END = .

.heap           0x20014428      0x400
                0x20014428                . = ALIGN (0x8)
                0x20014428                __end__ = .
                0x20014428                __heap_start__ = .
                [!provide]                PROVIDE (end, .)
                [!provide]                PROVIDE (_end, .)
                [!provide]                PROVIDE (__end, .)
                0x20014428                __HeapBase = .
                0x20014828                . = (. + HEAP_SIZE)
 *fill*         0x20014428      0x400 
                0x20014828                __HeapLimit = .
                0x20014828                __heap_limit = .
                0x20014828                __heap_end__ = .
                0x2001f000                __StackTop = (ORIGIN (m_data_2) + LENGTH (m_data_2))
                0x2001ec00                __StackLimit = (__StackTop - STACK_SIZE)
                0x2001f000                PROVIDE (__stack, __StackTop)
                0x2001f000                __RAM_END = __StackTop

.stack          0x2001ec00      0x400
                0x2001ec00                . = ALIGN (0x8)
                0x2001ec00                __stack_start__ = .
                0x2001f000                . = (. + STACK_SIZE)
 *fill*         0x2001ec00      0x400 
                0x2001f000                __stack_end__ = .

.ARM.attributes
                0x00000000       0x30
 *(.ARM.attributes)
 .ARM.attributes
                0x00000000       0x22 d:/my software/s32ds/build_tools/gcc_v6.3/gcc-6.3-arm32-eabi/bin/../lib/gcc/arm-none-eabi/6.3.1/thumb/v7e-m/fpv4-sp/hard/crti.o
 .ARM.attributes
                0x00000022       0x1f ./Project_Settings/Startup_Code/startup_S32K148.o
 .ARM.attributes
                0x00000041       0x39 ./SDK/platform/devices/S32K148/startup/system_S32K148.o
 .ARM.attributes
                0x0000007a       0x39 ./SDK/platform/devices/startup.o
 .ARM.attributes
                0x000000b3       0x39 ./Sources/main.o
 .ARM.attributes
                0x000000ec       0x39 ./ThirdParty/FreeRTOS/list.o
 .ARM.attributes
                0x00000125       0x39 ./ThirdParty/FreeRTOS/queue.o
 .ARM.attributes
                0x0000015e       0x39 ./ThirdParty/FreeRTOS/tasks.o
 .ARM.attributes
                0x00000197       0x39 ./ThirdParty/FreeRTOS/timers.o
 .ARM.attributes
                0x000001d0       0x39 ./ThirdParty/FreeRTOS/portable/GCC/ARM_CM4F/port.o
 .ARM.attributes
                0x00000209       0x39 ./ThirdParty/FreeRTOS/portable/MemMang/heap_4.o
 .ARM.attributes
                0x00000242       0x39 ./ThirdParty/SEGGER/Config/SEGGER_SYSVIEW_Config_FreeRTOS.o
 .ARM.attributes
                0x0000027b       0x39 ./ThirdParty/SEGGER/OS/SEGGER_SYSVIEW_FreeRTOS.o
 .ARM.attributes
                0x000002b4       0x39 ./ThirdParty/SEGGER/SEGGER/SEGGER_RTT.o
 .ARM.attributes
                0x000002ed       0x25 ./ThirdParty/SEGGER/SEGGER/SEGGER_RTT_ASM_ARMv7M.o
 .ARM.attributes
                0x00000312       0x39 ./ThirdParty/SEGGER/SEGGER/SEGGER_SYSVIEW.o
 .ARM.attributes
                0x0000034b       0x34 D:/My Software/S32DS/build_tools/gcc_v6.3/gcc-6.3-arm32-eabi/arm-none-eabi/newlib/lib/thumb/v7e-m/fpv4-sp/hard\libc_nano.a(lib_a-memcmp.o)
 .ARM.attributes
                0x0000037f       0x34 D:/My Software/S32DS/build_tools/gcc_v6.3/gcc-6.3-arm32-eabi/arm-none-eabi/newlib/lib/thumb/v7e-m/fpv4-sp/hard\libc_nano.a(lib_a-memcpy-stub.o)
 .ARM.attributes
                0x000003b3       0x34 D:/My Software/S32DS/build_tools/gcc_v6.3/gcc-6.3-arm32-eabi/arm-none-eabi/newlib/lib/thumb/v7e-m/fpv4-sp/hard\libc_nano.a(lib_a-memset.o)
                0x00000001                ASSERT ((__StackLimit >= __HeapLimit), region m_data_2 overflowed with stack and heap)
OUTPUT(FreeRTOSWithS32K148.elf elf32-littlearm)

.debug_line     0x00000000     0x555c
 .debug_line    0x00000000       0x84 ./Project_Settings/Startup_Code/startup_S32K148.o
 .debug_line    0x00000084      0x208 ./SDK/platform/devices/S32K148/startup/system_S32K148.o
 .debug_line    0x0000028c      0x169 ./SDK/platform/devices/startup.o
 .debug_line    0x000003f5      0x571 ./Sources/main.o
 .debug_line    0x00000966      0x3db ./ThirdParty/FreeRTOS/list.o
 .debug_line    0x00000d41      0xa95 ./ThirdParty/FreeRTOS/queue.o
 .debug_line    0x000017d6      0xf7f ./ThirdParty/FreeRTOS/tasks.o
 .debug_line    0x00002755      0x64e ./ThirdParty/FreeRTOS/timers.o
 .debug_line    0x00002da3      0x4d5 ./ThirdParty/FreeRTOS/portable/GCC/ARM_CM4F/port.o
 .debug_line    0x00003278      0x4d4 ./ThirdParty/FreeRTOS/portable/MemMang/heap_4.o
 .debug_line    0x0000374c      0x22b ./ThirdParty/SEGGER/Config/SEGGER_SYSVIEW_Config_FreeRTOS.o
 .debug_line    0x00003977      0x489 ./ThirdParty/SEGGER/OS/SEGGER_SYSVIEW_FreeRTOS.o
 .debug_line    0x00003e00      0x667 ./ThirdParty/SEGGER/SEGGER/SEGGER_RTT.o
 .debug_line    0x00004467       0xa0 ./ThirdParty/SEGGER/SEGGER/SEGGER_RTT_ASM_ARMv7M.o
 .debug_line    0x00004507     0x1055 ./ThirdParty/SEGGER/SEGGER/SEGGER_SYSVIEW.o

.debug_info     0x00000000    0x140fc
 .debug_info    0x00000000       0x26 ./Project_Settings/Startup_Code/startup_S32K148.o
 .debug_info    0x00000026      0x65f ./SDK/platform/devices/S32K148/startup/system_S32K148.o
 .debug_info    0x00000685      0x2ad ./SDK/platform/devices/startup.o
 .debug_info    0x00000932     0x1c0b ./Sources/main.o
 .debug_info    0x0000253d      0xacf ./ThirdParty/FreeRTOS/list.o
 .debug_info    0x0000300c     0x2e9e ./ThirdParty/FreeRTOS/queue.o
 .debug_info    0x00005eaa     0x3c0a ./ThirdParty/FreeRTOS/tasks.o
 .debug_info    0x00009ab4     0x19a9 ./ThirdParty/FreeRTOS/timers.o
 .debug_info    0x0000b45d      0x678 ./ThirdParty/FreeRTOS/portable/GCC/ARM_CM4F/port.o
 .debug_info    0x0000bad5      0xe3f ./ThirdParty/FreeRTOS/portable/MemMang/heap_4.o
 .debug_info    0x0000c914      0x19e ./ThirdParty/SEGGER/Config/SEGGER_SYSVIEW_Config_FreeRTOS.o
 .debug_info    0x0000cab2      0xcd9 ./ThirdParty/SEGGER/OS/SEGGER_SYSVIEW_FreeRTOS.o
 .debug_info    0x0000d78b     0x212e ./ThirdParty/SEGGER/SEGGER/SEGGER_RTT.o
 .debug_info    0x0000f8b9       0x26 ./ThirdParty/SEGGER/SEGGER/SEGGER_RTT_ASM_ARMv7M.o
 .debug_info    0x0000f8df     0x481d ./ThirdParty/SEGGER/SEGGER/SEGGER_SYSVIEW.o

.debug_abbrev   0x00000000     0x214f
 .debug_abbrev  0x00000000       0x14 ./Project_Settings/Startup_Code/startup_S32K148.o
 .debug_abbrev  0x00000014      0x140 ./SDK/platform/devices/S32K148/startup/system_S32K148.o
 .debug_abbrev  0x00000154       0xe0 ./SDK/platform/devices/startup.o
 .debug_abbrev  0x00000234      0x29b ./Sources/main.o
 .debug_abbrev  0x000004cf      0x1ea ./ThirdParty/FreeRTOS/list.o
 .debug_abbrev  0x000006b9      0x380 ./ThirdParty/FreeRTOS/queue.o
 .debug_abbrev  0x00000a39      0x41d ./ThirdParty/FreeRTOS/tasks.o
 .debug_abbrev  0x00000e56      0x36f ./ThirdParty/FreeRTOS/timers.o
 .debug_abbrev  0x000011c5      0x23a ./ThirdParty/FreeRTOS/portable/GCC/ARM_CM4F/port.o
 .debug_abbrev  0x000013ff      0x34b ./ThirdParty/FreeRTOS/portable/MemMang/heap_4.o
 .debug_abbrev  0x0000174a       0xeb ./ThirdParty/SEGGER/Config/SEGGER_SYSVIEW_Config_FreeRTOS.o
 .debug_abbrev  0x00001835      0x24c ./ThirdParty/SEGGER/OS/SEGGER_SYSVIEW_FreeRTOS.o
 .debug_abbrev  0x00001a81      0x2ae ./ThirdParty/SEGGER/SEGGER/SEGGER_RTT.o
 .debug_abbrev  0x00001d2f       0x14 ./ThirdParty/SEGGER/SEGGER/SEGGER_RTT_ASM_ARMv7M.o
 .debug_abbrev  0x00001d43      0x40c ./ThirdParty/SEGGER/SEGGER/SEGGER_SYSVIEW.o

.debug_aranges  0x00000000      0x990
 .debug_aranges
                0x00000000       0x20 ./Project_Settings/Startup_Code/startup_S32K148.o
 .debug_aranges
                0x00000020       0x30 ./SDK/platform/devices/S32K148/startup/system_S32K148.o
 .debug_aranges
                0x00000050       0x20 ./SDK/platform/devices/startup.o
 .debug_aranges
                0x00000070       0x30 ./Sources/main.o
 .debug_aranges
                0x000000a0       0x40 ./ThirdParty/FreeRTOS/list.o
 .debug_aranges
                0x000000e0      0x110 ./ThirdParty/FreeRTOS/queue.o
 .debug_aranges
                0x000001f0      0x1d8 ./ThirdParty/FreeRTOS/tasks.o
 .debug_aranges
                0x000003c8       0xc0 ./ThirdParty/FreeRTOS/timers.o
 .debug_aranges
                0x00000488       0x88 ./ThirdParty/FreeRTOS/portable/GCC/ARM_CM4F/port.o
 .debug_aranges
                0x00000510       0x58 ./ThirdParty/FreeRTOS/portable/MemMang/heap_4.o
 .debug_aranges
                0x00000568       0x28 ./ThirdParty/SEGGER/Config/SEGGER_SYSVIEW_Config_FreeRTOS.o
 .debug_aranges
                0x00000590       0x48 ./ThirdParty/SEGGER/OS/SEGGER_SYSVIEW_FreeRTOS.o
 .debug_aranges
                0x000005d8      0x138 ./ThirdParty/SEGGER/SEGGER/SEGGER_RTT.o
 .debug_aranges
                0x00000710       0x20 ./ThirdParty/SEGGER/SEGGER/SEGGER_RTT_ASM_ARMv7M.o
 .debug_aranges
                0x00000730      0x260 ./ThirdParty/SEGGER/SEGGER/SEGGER_SYSVIEW.o

.debug_str      0x00000000     0x5b10
 .debug_str     0x00000000       0x8c ./Project_Settings/Startup_Code/startup_S32K148.o
 .debug_str     0x0000008c      0x3e9 ./SDK/platform/devices/S32K148/startup/system_S32K148.o
                                0x47b (size before relaxing)
 .debug_str     0x00000475      0x20c ./SDK/platform/devices/startup.o
                                0x435 (size before relaxing)
 .debug_str     0x00000681     0x229f ./Sources/main.o
                               0x258b (size before relaxing)
 .debug_str     0x00002920      0x152 ./ThirdParty/FreeRTOS/list.o
                                0x7d7 (size before relaxing)
 .debug_str     0x00002a72      0x916 ./ThirdParty/FreeRTOS/queue.o
                               0x1103 (size before relaxing)
 .debug_str     0x00003388      0xd23 ./ThirdParty/FreeRTOS/tasks.o
                               0x1881 (size before relaxing)
 .debug_str     0x000040ab      0x470 ./ThirdParty/FreeRTOS/timers.o
                                0xdf7 (size before relaxing)
 .debug_str     0x0000451b      0x1f3 ./ThirdParty/FreeRTOS/portable/GCC/ARM_CM4F/port.o
                                0x59e (size before relaxing)
 .debug_str     0x0000470e      0x2c5 ./ThirdParty/FreeRTOS/portable/MemMang/heap_4.o
                                0xa09 (size before relaxing)
 .debug_str     0x000049d3       0xdd ./ThirdParty/SEGGER/Config/SEGGER_SYSVIEW_Config_FreeRTOS.o
                                0x34f (size before relaxing)
 .debug_str     0x00004ab0       0xfb ./ThirdParty/SEGGER/OS/SEGGER_SYSVIEW_FreeRTOS.o
                                0x86e (size before relaxing)
 .debug_str     0x00004bab      0x4d6 ./ThirdParty/SEGGER/SEGGER/SEGGER_RTT.o
                                0xb3b (size before relaxing)
 .debug_str     0x00005081       0x34 ./ThirdParty/SEGGER/SEGGER/SEGGER_RTT_ASM_ARMv7M.o
                                 0x8d (size before relaxing)
 .debug_str     0x000050b5      0xa5b ./ThirdParty/SEGGER/SEGGER/SEGGER_SYSVIEW.o
                               0x14d3 (size before relaxing)

.debug_loc      0x00000000     0xbe47
 .debug_loc     0x00000000       0xeb ./SDK/platform/devices/S32K148/startup/system_S32K148.o
 .debug_loc     0x000000eb       0xec ./SDK/platform/devices/startup.o
 .debug_loc     0x000001d7       0x60 ./Sources/main.o
 .debug_loc     0x00000237       0x65 ./ThirdParty/FreeRTOS/list.o
 .debug_loc     0x0000029c     0x16fa ./ThirdParty/FreeRTOS/queue.o
 .debug_loc     0x00001996     0x20a9 ./ThirdParty/FreeRTOS/tasks.o
 .debug_loc     0x00003a3f      0xa91 ./ThirdParty/FreeRTOS/timers.o
 .debug_loc     0x000044d0       0xdc ./ThirdParty/FreeRTOS/portable/GCC/ARM_CM4F/port.o
 .debug_loc     0x000045ac      0x485 ./ThirdParty/FreeRTOS/portable/MemMang/heap_4.o
 .debug_loc     0x00004a31      0x2bf ./ThirdParty/SEGGER/OS/SEGGER_SYSVIEW_FreeRTOS.o
 .debug_loc     0x00004cf0     0x20b4 ./ThirdParty/SEGGER/SEGGER/SEGGER_RTT.o
 .debug_loc     0x00006da4     0x50a3 ./ThirdParty/SEGGER/SEGGER/SEGGER_SYSVIEW.o

.debug_ranges   0x00000000     0x1188
 .debug_ranges  0x00000000       0x20 ./SDK/platform/devices/S32K148/startup/system_S32K148.o
 .debug_ranges  0x00000020       0x10 ./SDK/platform/devices/startup.o
 .debug_ranges  0x00000030       0x20 ./Sources/main.o
 .debug_ranges  0x00000050       0x30 ./ThirdParty/FreeRTOS/list.o
 .debug_ranges  0x00000080      0x250 ./ThirdParty/FreeRTOS/queue.o
 .debug_ranges  0x000002d0      0x2e0 ./ThirdParty/FreeRTOS/tasks.o
 .debug_ranges  0x000005b0      0x110 ./ThirdParty/FreeRTOS/timers.o
 .debug_ranges  0x000006c0       0x78 ./ThirdParty/FreeRTOS/portable/GCC/ARM_CM4F/port.o
 .debug_ranges  0x00000738       0x48 ./ThirdParty/FreeRTOS/portable/MemMang/heap_4.o
 .debug_ranges  0x00000780       0x18 ./ThirdParty/SEGGER/Config/SEGGER_SYSVIEW_Config_FreeRTOS.o
 .debug_ranges  0x00000798       0x38 ./ThirdParty/SEGGER/OS/SEGGER_SYSVIEW_FreeRTOS.o
 .debug_ranges  0x000007d0      0x360 ./ThirdParty/SEGGER/SEGGER/SEGGER_RTT.o
 .debug_ranges  0x00000b30      0x658 ./ThirdParty/SEGGER/SEGGER/SEGGER_SYSVIEW.o

.comment        0x00000000       0xa0
 .comment       0x00000000       0xa0 ./SDK/platform/devices/S32K148/startup/system_S32K148.o
                                 0xa1 (size before relaxing)
 .comment       0x000000a0       0xa1 ./SDK/platform/devices/startup.o
 .comment       0x000000a0       0xa1 ./Sources/main.o
 .comment       0x000000a0       0xa1 ./ThirdParty/FreeRTOS/list.o
 .comment       0x000000a0       0xa1 ./ThirdParty/FreeRTOS/queue.o
 .comment       0x000000a0       0xa1 ./ThirdParty/FreeRTOS/tasks.o
 .comment       0x000000a0       0xa1 ./ThirdParty/FreeRTOS/timers.o
 .comment       0x000000a0       0xa1 ./ThirdParty/FreeRTOS/portable/GCC/ARM_CM4F/port.o
 .comment       0x000000a0       0xa1 ./ThirdParty/FreeRTOS/portable/MemMang/heap_4.o
 .comment       0x000000a0       0xa1 ./ThirdParty/SEGGER/Config/SEGGER_SYSVIEW_Config_FreeRTOS.o
 .comment       0x000000a0       0xa1 ./ThirdParty/SEGGER/OS/SEGGER_SYSVIEW_FreeRTOS.o
 .comment       0x000000a0       0xa1 ./ThirdParty/SEGGER/SEGGER/SEGGER_RTT.o
 .comment       0x000000a0       0xa1 ./ThirdParty/SEGGER/SEGGER/SEGGER_SYSVIEW.o

.debug_frame    0x00000000     0x1d04
 .debug_frame   0x00000000       0x40 ./SDK/platform/devices/S32K148/startup/system_S32K148.o
 .debug_frame   0x00000040       0x2c ./SDK/platform/devices/startup.o
 .debug_frame   0x0000006c       0x4c ./Sources/main.o
 .debug_frame   0x000000b8       0x6c ./ThirdParty/FreeRTOS/list.o
 .debug_frame   0x00000124      0x3bc ./ThirdParty/FreeRTOS/queue.o
 .debug_frame   0x000004e0      0x5f4 ./ThirdParty/FreeRTOS/tasks.o
 .debug_frame   0x00000ad4      0x230 ./ThirdParty/FreeRTOS/timers.o
 .debug_frame   0x00000d04      0x118 ./ThirdParty/FreeRTOS/portable/GCC/ARM_CM4F/port.o
 .debug_frame   0x00000e1c       0xd0 ./ThirdParty/FreeRTOS/portable/MemMang/heap_4.o
 .debug_frame   0x00000eec       0x40 ./ThirdParty/SEGGER/Config/SEGGER_SYSVIEW_Config_FreeRTOS.o
 .debug_frame   0x00000f2c       0xe4 ./ThirdParty/SEGGER/OS/SEGGER_SYSVIEW_FreeRTOS.o
 .debug_frame   0x00001010      0x404 ./ThirdParty/SEGGER/SEGGER/SEGGER_RTT.o
 .debug_frame   0x00001414      0x880 ./ThirdParty/SEGGER/SEGGER/SEGGER_SYSVIEW.o
 .debug_frame   0x00001c94       0x28 D:/My Software/S32DS/build_tools/gcc_v6.3/gcc-6.3-arm32-eabi/arm-none-eabi/newlib/lib/thumb/v7e-m/fpv4-sp/hard\libc_nano.a(lib_a-memcmp.o)
 .debug_frame   0x00001cbc       0x28 D:/My Software/S32DS/build_tools/gcc_v6.3/gcc-6.3-arm32-eabi/arm-none-eabi/newlib/lib/thumb/v7e-m/fpv4-sp/hard\libc_nano.a(lib_a-memcpy-stub.o)
 .debug_frame   0x00001ce4       0x20 D:/My Software/S32DS/build_tools/gcc_v6.3/gcc-6.3-arm32-eabi/arm-none-eabi/newlib/lib/thumb/v7e-m/fpv4-sp/hard\libc_nano.a(lib_a-memset.o)
